[1800remodel.com/index.html]
[backblue.gif]
[fade.gif]
[index.html]
[1800remodel.com/feed/index.html]
[1800remodel.com/comments/feed/index.html]
[1800remodel.com/wp-includes/js/jquery/jquery.min9d52.js]
[1800remodel.com/wp-includes/js/jquery/jquery-migrate.mind617.js]
[1800remodel.com/wp-content/plugins/essential-grid/public/assets/js/lightboxe24f.js]
[1800remodel.com/wp-content/plugins/essential-grid/public/assets/js/jquery.themepunch.tools.mine24f.js]
[1800remodel.com/wp-content/plugins/revslider/public/assets/js/jquery.themepunch.revolution.min5243.js]
[1800remodel.com/wp-json/index.html]
[1800remodel.com/wp-json/wp/v2/pages/3178.json]
[1800remodel.com/xmlrpc0db0.php]
[1800remodel.com/wp-includes/wlwmanifest.xml]
[1800remodel.com/wp-json/oembed/1.0/embed2bf2.json]
[1800remodel.com/wp-json/oembed/1.0/embed4b12]
[1800remodel.com/wp-content/plugins/logo-slider/ls_arrows/lsp_arrow1_next.png]
[1800remodel.com/wp-content/plugins/logo-slider/ls_arrows/lsp_arrow1_prev.png]
[connect.facebook.net/en_US/fbevents.js]
[1800remodel.com/wp-content/themes/tm-renovation/images/Remodel_Logo_new.png]
[1800remodel.com/wp-content/uploads/2017/02/house.jpg]
[1800remodel.com/partners/index3c33.html]
[1800remodel.com/about-us/index.html]
[1800remodel.com/wp-content/uploads/2017/10/rm-back1.png]
[1800remodel.com/financing7/index.html]
[1800remodel.com/commercial/index.html]
[1800remodel.com/faq/index.html]
[1800remodel.com/financing.28.delayed]
[1800remodel.com/contact/index.html]
[1800remodel.com/financing.29.delayed]
[1800remodel.com/financing/index.html]
[1800remodel.com/wp-content/uploads/2017/10/shutterstock_662472622.jpg]
[1800remodel.com/wp-content/uploads/2017/10/empire-2.png]
[1800remodel.com/wp-content/uploads/2017/10/3db-2.png]
[1800remodel.com/wp-content/uploads/2017/10/andersen.1png-2.png]
[1800remodel.com/wp-content/uploads/2017/10/sears-2.png]
[1800remodel.com/wp-content/uploads/2017/10/HD-2.png]
[1800remodel.com/wp-content/uploads/2018/08/dependable-logo-grey.png]
[1800remodel.com/wp-content/uploads/2018/08/HVA_grey.png]
[1800remodel.com/wp-content/uploads/2017/10/main.jpg]
[1800remodel.com/wp-content/uploads/2017/10/proj1.jpg]
[1800remodel.com/windows/index.html]
[1800remodel.com/wp-content/uploads/2017/10/siding.jpg]
[1800remodel.com/siding/index.html]
[1800remodel.com/wp-content/uploads/2017/10/proj3.jpg]
[1800remodel.com/roofing.38.delayed]
[1800remodel.com/roofing.39.delayed]
[1800remodel.com/roofing/index.html]
[1800remodel.com/wp-content/uploads/2017/10/proj4.jpg]
[1800remodel.com/cabinet-refacing.3c.delayed]
[1800remodel.com/cabinet-refacing.3d.delayed]
[1800remodel.com/cabinet-refacing/index.html]
[1800remodel.com/wp-content/uploads/2017/10/proj5.jpg]
[1800remodel.com/kitchen-bathroom-remodeling/index.html]
[1800remodel.com/wp-content/uploads/2017/10/proj6.jpg]
[1800remodel.com/hvac/index.html]
[1800remodel.com/wp-content/uploads/2017/10/proj7.jpg]
[1800remodel.com/flooring]
[1800remodel.com/flooring.45.delayed]
[1800remodel.com/flooring/index.html]
[1800remodel.com/wp-content/uploads/2017/10/proj8.jpg]
[1800remodel.com/gutters.48.delayed]
[1800remodel.com/gutters.49.delayed]
[1800remodel.com/wp-content/uploads/2020/09/Service_icon_8.png]
[1800remodel.com/gutters/index.html]
[1800remodel.com/wp-content/uploads/2017/10/proj9-1.jpg]
[1800remodel.com/other-projects/index.html]
[1800remodel.com/wp-content/uploads/2017/02/large-home-residential-house-architecture-53610-e1499457797704.jpg]
[1800remodel.com/wp-content/uploads/2017/02/pexels-photo-206172-e1499456078730.jpg]
[1800remodel.com/wp-content/uploads/2017/02/house-e1499456118211.jpg]
[1800remodel.com/wp-content/uploads/2017/02/pexels-photo-259597-e1499456068820.jpg]
[1800remodel.com/wp-content/uploads/2017/10/proj2.jpg]
[1800remodel.com/wp-content/uploads/2014/08/Depositphotos_52760047_original.jpg]
[1800remodel.com/wp-content/uploads/2017/01/Depositphotos_8679508_original-e1499456178626.jpg]
[1800remodel.com/wp-content/uploads/2016/12/Depositphotos_2359001_l-2015-e1499456355494.jpg]
[1800remodel.com/wp-content/uploads/2016/12/Depositphotos_8656403_l-2015-e1499456334585.jpg]
[1800remodel.com/wp-content/uploads/2017/03/review1-1.png]
[1800remodel.com/wp-content/uploads/2017/03/review3-3.png]
[1800remodel.com/wp-content/uploads/2017/03/review2-2.png]
[1800remodel.com/wp-content/uploads/2015/03/remodel1.jpg]
[1800remodel.com/wp-content/uploads/2017/01/Depositphotos_8658095_l-2015-e1499456204954.jpg]
[1800remodel.com/1-hack-home-flippers-cabinet-refacing/index.html]
[1800remodel.com/kitchens-your-dream-kitchen/index.html]
[1800remodel.com/blog.5b.delayed]
[1800remodel.com/additions-surviving-your-room-addition/index.html]
[1800remodel.com/wp-content/themes/tm-renovation/images/foo-logo.png]
[1800remodel.com/blog/index.html]
[1800remodel.com/price-match-guarantee]
[1800remodel.com/privacy-policy/index.html]
[1800remodel.com/price-match-guarantee/index.html]
[1800remodel.com/california-privacy-notice/index.html]
[1800remodel.com/wp-content/plugins/contact-form-7/includes/js/scripts9dff.js]
[www.google.com/recaptcha/api10d7.js]
[1800remodel.com/wp-content/plugins/contact-form-7/modules/recaptcha/script9dff.js]
[1800remodel.com/terms-of-service/index.html]
[1800remodel.com/wp-content/themes/tm-renovation/remodel-two/js/jquery5b75.js]
[1800remodel.com/wp-content/themes/tm-renovation/remodel-two/js/jquery-ui5b75.js]
[1800remodel.com/wp-content/themes/tm-renovation/remodel-two/js/bootstrap5b75.js]
[1800remodel.com/wp-content/themes/tm-renovation/remodel-two/js/slick5b75.js]
[1800remodel.com/wp-content/themes/tm-renovation/remodel-two/js/jquery.formstyler5b75.js]
[1800remodel.com/wp-content/themes/tm-renovation/remodel-two/js/jquery.fancybox5b75.js]
[1800remodel.com/wp-content/themes/tm-renovation/remodel-two/js/sticky5b75.js]
[1800remodel.com/wp-content/themes/tm-renovation/remodel-two/js/custom5b75.js]
[1800remodel.com/wp-includes/js/wp-embed.mina78f.js]
[1800remodel.com/wp-content/plugins/thememove-core/popup/assets/js/jquery.magnific-popup.mina78f.js]
[1800remodel.com/wp-content/plugins/js_composer/assets/lib/waypoints/waypoints.min3c21.js]
[1800remodel.com/wp-content/plugins/thememove-core/popup/assets/js/js.cookiea78f.js]
[1800remodel.com/wp-content/plugins/js_composer/assets/js/dist/js_composer_front.min3c21.js]
[1800remodel.com/wp-content/plugins/js_composer/assets/lib/bower/skrollr/dist/skrollr.min3c21.js]
[1800remodel.com/wp-content/plugins/logo-slider/includes/js/lsp_jquery.cycle2431f.js]
[1800remodel.com/wp-content/plugins/logo-slider/includes/js/lsp_jquery.cycle2.carousel.min68b3.js]
[1800remodel.com/wp-content/plugins/logo-slider/includes/js/lsp_jquery_shuffle68b3.js]
[1800remodel.com/wp-content/plugins/logo-slider/includes/js/lsp_jquery.easing68b3.js]
[1800remodel.com/wp-content/plugins/logo-slider/includes/js/lsp_jquery_tile68b3.js]
[1800remodel.com/index.html]
[www.googletagmanager.com/gtm5445.html]
[1800remodel.com/xmlrpc.php]
[1800remodel.com/wp-content/themes/tm-renovation/fonts/Pe-icon-7-strokebb1d.eot]
[1800remodel.com/wp-content/themes/tm-renovation/fonts/Pe-icon-7-stroked41d.eot]
[1800remodel.com/wp-content/themes/tm-renovation/fonts/Pe-icon-7-strokebb1d.woff]
[1800remodel.com/wp-content/themes/tm-renovation/fonts/Pe-icon-7-strokebb1d.ttf]
[1800remodel.com/wp-content/themes/tm-renovation/css/pe-icon-7-strokea78f.css]
[1800remodel.com/wp-content/themes/tm-renovation/fonts/renovation8ff2.eot]
[1800remodel.com/wp-content/themes/tm-renovation/fonts/renovationd41d.eot]
[1800remodel.com/wp-content/themes/tm-renovation/fonts/renovation8ff2.ttf]
[1800remodel.com/wp-content/themes/tm-renovation/fonts/renovation8ff2.woff]
[1800remodel.com/wp-content/themes/tm-renovation/css/renovationa78f.css]
[1800remodel.com/wp-content/plugins/thememove-core/cmb2/includes/custom-types/css/cmb2-custom-typesa78f.css]
[1800remodel.com/wp-includes/css/dist/block-library/style.mina78f.css]
[1800remodel.com/wp-content/plugins/contact-form-7/assets/ajax-loader.gif]
[1800remodel.com/wp-content/plugins/contact-form-7/includes/css/styles9dff.css]
[1800remodel.com/wp-content/plugins/essential-grid/public/assets/images/ajax-loader.gif]
[1800remodel.com/wp-content/plugins/essential-grid/public/assets/images/loader.gif]
[1800remodel.com/wp-content/plugins/essential-grid/public/assets/font/egfontdde9.eot]
[1800remodel.com/wp-content/plugins/essential-grid/public/assets/font/egfontdde9.woff]
[1800remodel.com/wp-content/plugins/essential-grid/public/assets/font/egfontdde9.ttf]
[1800remodel.com/wp-content/plugins/essential-grid/public/assets/css/settingse24f.css]
[1800remodel.com/wp-content/plugins/projects-by-woothemes/assets/css/woo-projects91ce.css]
[1800remodel.com/wp-content/plugins/projects-by-woothemes/assets/css/woo-projects-handheld91ce.css]
[1800remodel.com/wp-content/plugins/revslider/public/assets/fonts/revicons/revicons90c6.eot]
[1800remodel.com/wp-content/plugins/revslider/public/assets/fonts/revicons/revicons90c6.woff]
[1800remodel.com/wp-content/plugins/revslider/public/assets/fonts/revicons/revicons90c6.ttf]
[1800remodel.com/wp-content/plugins/revslider/public/assets/css/openhand.cur]
[1800remodel.com/wp-content/plugins/revslider/public/assets/css/closedhand.cur]
[1800remodel.com/wp-content/plugins/revslider/public/assets/assets/gridtile.png]
[1800remodel.com/wp-content/plugins/revslider/public/assets/assets/gridtile_white.png]
[1800remodel.com/wp-content/plugins/revslider/public/assets/assets/gridtile_3x3.png]
[1800remodel.com/wp-content/plugins/revslider/public/assets/assets/gridtile_3x3_white.png]
[1800remodel.com/wp-content/plugins/revslider/public/assets/assets/coloredbg.png]
[1800remodel.com/wp-content/plugins/revslider/public/assets/assets/loader.gif]
[1800remodel.com/wp-content/plugins/revslider/public/assets/css/settings5243.css]
[1800remodel.com/wp-content/plugins/wp-logo-showcase-responsive-slider-slider/assets/images/ajax-loader.gif]
[1800remodel.com/wp-content/plugins/wp-logo-showcase-responsive-slider-slider/assets/css/slickeed8.css]
[1800remodel.com/wp-content/plugins/wp-logo-showcase-responsive-slider-slider/assets/images/arrow-right.png]
[1800remodel.com/wp-content/plugins/wp-logo-showcase-responsive-slider-slider/assets/images/arrow-left.png]
[1800remodel.com/wp-content/plugins/wp-logo-showcase-responsive-slider-slider/assets/css/logo-showcaseeed8.css]
[1800remodel.com/wp-content/themes/tm-renovation/remodel-two/css/reseta78f.css]
[1800remodel.com/wp-content/themes/tm-renovation/remodel-two/fonts/fontawesome-webfont3e6e.eot]
[1800remodel.com/wp-content/themes/tm-renovation/remodel-two/fonts/fontawesome-webfontd41d.eot]
[1800remodel.com/wp-content/themes/tm-renovation/remodel-two/fonts/fontawesome-webfont3e6e.woff2]
[1800remodel.com/wp-content/themes/tm-renovation/remodel-two/fonts/fontawesome-webfont3e6e.woff]
[1800remodel.com/wp-content/themes/tm-renovation/remodel-two/fonts/fontawesome-webfont3e6e.ttf]
[1800remodel.com/wp-content/themes/tm-renovation/remodel-two/css/font-awesomea78f.css]
[1800remodel.com/wp-content/themes/tm-renovation/remodel-two/fonts/glyphicons-halflings-regular.eot]
[1800remodel.com/wp-content/themes/tm-renovation/remodel-two/fonts/glyphicons-halflings-regular.9ed41d.delayed]
[1800remodel.com/wp-content/themes/tm-renovation/remodel-two/fonts/glyphicons-halflings-regular.9f.delayed]
[1800remodel.com/wp-content/themes/tm-renovation/remodel-two/fonts/glyphicons-halflings-regular.woff]
[1800remodel.com/wp-content/themes/tm-renovation/remodel-two/fonts/glyphicons-halflings-regular.a1.delayed]
[1800remodel.com/wp-content/themes/tm-renovation/remodel-two/fonts/glyphicons-halflings-regular.svg]
[1800remodel.com/wp-content/themes/tm-renovation/remodel-two/css/bootstrapa78f.css]
[1800remodel.com/wp-content/themes/tm-renovation/remodel-two/css/slicka78f.css]
[1800remodel.com/wp-content/themes/tm-renovation/remodel-two/css/images/ui-icons_444444_256x240.png]
[1800remodel.com/wp-content/themes/tm-renovation/remodel-two/css/images/ui-icons_555555_256x240.a4.delayed]
[1800remodel.com/wp-content/themes/tm-renovation/remodel-two/css/images/ui-icons_ffffff_256x240.png]
[1800remodel.com/wp-content/themes/tm-renovation/remodel-two/css/images/ui-icons_777620_256x240.a6.delayed]
[1800remodel.com/wp-content/themes/tm-renovation/remodel-two/css/images/ui-icons_cc0000_256x240.png]
[1800remodel.com/wp-content/themes/tm-renovation/remodel-two/css/images/ui-icons_777777_256x240.png]
[1800remodel.com/wp-content/themes/tm-renovation/remodel-two/css/jquery-uia78f.css]
[1800remodel.com/wp-content/themes/tm-renovation/remodel-two/css/jquery.formstylera78f.css]
[1800remodel.com/wp-content/themes/tm-renovation/remodel-two/css/jquery.fancyboxa78f.css]
[1800remodel.com/wp-content/themes/tm-renovation/remodel-two/img/reason-bg.png]
[1800remodel.com/wp-content/themes/tm-renovation/remodel-two/img/review-icon.png]
[1800remodel.com/wp-content/themes/tm-renovation/remodel-two/img/ts-item2.jpg]
[1800remodel.com/wp-content/themes/tm-renovation/remodel-two/img/links.png]
[1800remodel.com/wp-content/themes/tm-renovation/remodel-two/css/stylea78f.css]
[1800remodel.com/wp-content/themes/tm-renovation/remodel-two/css/mediaa78f.css]
[1800remodel.com/wp-content/themes/tm-renovation/images/links.png]
[1800remodel.com/wp-content/themes/tm-renovation/images/ts-item2.jpg]
[1800remodel.com/wp-content/themes/tm-renovation/images/1800_Logo.png]
[1800remodel.com/wp-content/themes/tm-renovation/images/links_white.png]
[1800remodel.com/wp-content/themes/tm-renovation/css/remodel_newa78f.css]
[1800remodel.com/wp-content/plugins/js_composer/assets/vc/alert.png]
[1800remodel.com/wp-content/plugins/js_composer/assets/vc/info.png]
[1800remodel.com/wp-content/plugins/js_composer/assets/vc/tick.png]
[1800remodel.com/wp-content/plugins/js_composer/assets/vc/exclamation.png]
[1800remodel.com/wp-content/plugins/js_composer/assets/images/icons/address-book.png]
[1800remodel.com/wp-content/plugins/js_composer/assets/images/icons/alarm-clock.png]
[1800remodel.com/wp-content/plugins/js_composer/assets/images/icons/anchor.png]
[1800remodel.com/wp-content/plugins/js_composer/assets/images/icons/application-image.png]
[1800remodel.com/wp-content/plugins/js_composer/assets/images/icons/arrow.png]
[1800remodel.com/wp-content/plugins/js_composer/assets/images/icons/asterisk.png]
[1800remodel.com/wp-content/plugins/js_composer/assets/images/icons/auction-hammer.png]
[1800remodel.com/wp-content/plugins/js_composer/assets/images/icons/balloon.png]
[1800remodel.com/wp-content/plugins/js_composer/assets/images/icons/balloon-buzz.png]
[1800remodel.com/wp-content/plugins/js_composer/assets/images/icons/balloon-facebook.png]
[1800remodel.com/wp-content/plugins/js_composer/assets/images/icons/balloon-twitter.png]
[1800remodel.com/wp-content/plugins/js_composer/assets/images/icons/battery-full.png]
[1800remodel.com/wp-content/plugins/js_composer/assets/images/icons/binocular.png]
[1800remodel.com/wp-content/plugins/js_composer/assets/images/icons/blue-document-excel.png]
[1800remodel.com/wp-content/plugins/js_composer/assets/images/icons/blue-document-image.png]
[1800remodel.com/wp-content/plugins/js_composer/assets/images/icons/blue-document-music.png]
[1800remodel.com/wp-content/plugins/js_composer/assets/images/icons/blue-document-office.png]
[1800remodel.com/wp-content/plugins/js_composer/assets/images/icons/blue-document-pdf.png]
[1800remodel.com/wp-content/plugins/js_composer/assets/images/icons/blue-document-powerpoint.png]
[1800remodel.com/wp-content/plugins/js_composer/assets/images/icons/blue-document-word.png]
[1800remodel.com/wp-content/plugins/js_composer/assets/images/icons/bookmark.png]
[1800remodel.com/wp-content/plugins/js_composer/assets/images/icons/camcorder.png]
[1800remodel.com/wp-content/plugins/js_composer/assets/images/icons/camera.png]
[1800remodel.com/wp-content/plugins/js_composer/assets/images/icons/chart.png]
[1800remodel.com/wp-content/plugins/js_composer/assets/images/icons/chart-pie.png]
[1800remodel.com/wp-content/plugins/js_composer/assets/images/icons/clock.png]
[1800remodel.com/wp-content/plugins/js_composer/assets/images/icons/control.png]
[1800remodel.com/wp-content/plugins/js_composer/assets/images/icons/fire.png]
[1800remodel.com/wp-content/plugins/js_composer/assets/images/icons/heart.png]
[1800remodel.com/wp-content/plugins/js_composer/assets/images/icons/mail.png]
[1800remodel.com/wp-content/plugins/js_composer/assets/images/icons/plus-shield.png]
[1800remodel.com/wp-content/plugins/js_composer/assets/images/icons/video.png]
[1800remodel.com/wp-content/plugins/js_composer/assets/fonts/vc_icons/fonts/VC-Icons8309.ttf]
[1800remodel.com/wp-content/plugins/js_composer/assets/fonts/vc_icons/fonts/VC-Icons8309.woff]
[1800remodel.com/wp-content/plugins/js_composer/assets/images/toggle_open.png]
[1800remodel.com/wp-content/plugins/js_composer/assets/images/toggle_close.png]
[1800remodel.com/wp-content/plugins/js_composer/assets/images/flickr.png]
[1800remodel.com/wp-content/plugins/js_composer/assets/fonts/vc_grid/vc_grid_v157a1.eot]
[1800remodel.com/wp-content/plugins/js_composer/assets/fonts/vc_grid/vc_grid_v1d41d.eot]
[1800remodel.com/wp-content/plugins/js_composer/assets/fonts/vc_grid/vc_grid_v157a1.woff]
[1800remodel.com/wp-content/plugins/js_composer/assets/fonts/vc_grid/vc_grid_v157a1.ttf]
[1800remodel.com/wp-content/plugins/js_composer/assets/css/js_composer.min3c21.css]
[1800remodel.com/index1604.html]
[1800remodel.com/c]
[1800remodel.com/essential_grid/chain/index.html]
[1800remodel.com/b.ef.delayed]
[1800remodel.com/essential_grid/benjamin/index.html]
[1800remodel.com/POST.f0.delayed]
[connect.facebook.net/en_US/fbevents.js]
[1800remodel.com/partners/index.html]
[new.1800remodel.com/wp-content/uploads/2016/12/Depositphotos_48271337_original.f6.delayed]
[new.1800remodel.com/wp-content/uploads/2016/12/Depositphotos_48271337_original.jpg]
[1800remodel.com/wp-content/uploads/2016/12/Depositphotos_48271337_original-e1481319374644.jpg]
[renovation.thememove.com/data/images/page_heading_bg01.jpg]
[1800remodel.com/wp-content/themes/tm-renovation/js/jquery.magnific-popup.mina78f.js]
[1800remodel.com/wp-content/themes/tm-renovation/js/perfect-scrollbar.jquery.mina78f.js]
[1800remodel.com/wp-json/wp/v2/pages/4582.json]
[1800remodel.com/wp-json/oembed/1.0/embed3207.json]
[1800remodel.com/index47fc.html]
[1800remodel.com/wp-json/oembed/1.0/embedfb1d]
[1800remodel.com/wp-content/uploads/2018/05/layer-3.png]
[1800remodel.com/wp-content/uploads/2018/05/3-layers.png]
[1800remodel.com/wp-content/uploads/2018/05/pr1.png]
[1800remodel.com/wp-content/uploads/2018/05/pr2.png]
[1800remodel.com/wp-content/uploads/2018/05/shape-1-copy.png]
[1800remodel.com/wp-content/themes/tm-renovation/js/jQuery.headroom.min5b75.js]
[1800remodel.com/wp-content/themes/tm-renovation/js/headroom.min5b75.js]
[1800remodel.com/wp-content/themes/tm-renovation/js/sticky5b75.js]
[1800remodel.com/wp-content/themes/tm-renovation/js/owl.carousel.min5b75.js]
[1800remodel.com/wp-content/themes/tm-renovation/js/jquery.stellar.min.js]
[1800remodel.com/wp-content/themes/tm-renovation/js/main5b75.js]
[1800remodel.com/partners/index3c33.html]
[1800remodel.com/about-us/feed/index.html]
[1800remodel.com/wp-json/wp/v2/pages/1376.json]
[1800remodel.com/wp-json/oembed/1.0/embed0bf8.json]
[1800remodel.com/indexf05d.html]
[1800remodel.com/wp-json/oembed/1.0/embed76ce]
[1800remodel.com/wp-content/uploads/2015/08/about_text.jpg]
[1800remodel.com/wp-content/uploads/2017/03/kitchen2_1.png]
[1800remodel.com/wp-content/uploads/2017/03/kitchen2_2.png]
[1800remodel.com/wp-content/uploads/2017/03/kitchen2_3.png]
[1800remodel.com/wp-includes/js/comment-reply.mina78f.js]
[1800remodel.com/about-us/index.html]
[1800remodel.com/wp-json/wp/v2/pages/8407.json]
[1800remodel.com/commercial/feed/index.html]
[1800remodel.com/index4f3d.html]
[1800remodel.com/wp-json/oembed/1.0/embedefb6.json]
[1800remodel.com/wp-json/oembed/1.0/embed2fac]
[1800remodel.com/wp-content/uploads/2019/12/Service-Cards.png]
[1800remodel.com/wp-content/uploads/2019/12/Service-Cards-735x542.png]
[1800remodel.com/wp-content/uploads/2020/01/apartment.png]
[1800remodel.com/wp-content/uploads/2020/01/office.png]
[1800remodel.com/wp-content/uploads/2020/01/office-733x542.png]
[1800remodel.com/wp-content/uploads/2020/01/commercial_man.png]
[1800remodel.com/wp-content/uploads/2020/01/commercial_1.png]
[1800remodel.com/wp-content/uploads/2020/01/commercial_2.png]
[1800remodel.com/wp-content/uploads/2020/01/commercial_3.png]
[1800remodel.com/wp-content/uploads/2020/01/Frame-1.png]
[1800remodel.com/wp-content/uploads/2020/01/masonary-1.png]
[1800remodel.com/wp-content/uploads/2020/01/plan-1.png]
[1800remodel.com/wp-content/uploads/2020/01/form_curv_bg.png]
[1800remodel.com/wp-content/plugins/js_composer/assets/lib/bower/flexslider/jquery.flexslider-min3c21.js]
[1800remodel.com/wp-content/plugins/js_composer/assets/lib/prettyphoto/js/jquery.prettyPhoto.min3c21.js]
[1800remodel.com/commercial/index.html]
[1800remodel.com/wp-json/wp/v2/pages/4263.json]
[1800remodel.com/wp-json/oembed/1.0/embedd832.json]
[1800remodel.com/indexe7aa.html]
[1800remodel.com/wp-json/oembed/1.0/embed2d18]
[1800remodel.com/wp-content/uploads/2018/04/shutterstock_349794947-1.png]
[1800remodel.com/wp-content/uploads/2018/04/shutterstock_76153264.jpg]
[1800remodel.com/wp-content/uploads/2018/04/layer-35@2x.png]
[1800remodel.com/wp-content/uploads/2018/06/face_review.png]
[1800remodel.com/wp-content/uploads/2018/04/hafhouse-1.png]
[1800remodel.com/wp-content/uploads/2018/04/shutterstock_271173746.jpg]
[1800remodel.com/financing7/index.html]
[1800remodel.com/wp-json/wp/v2/pages/1860.json]
[1800remodel.com/index05e8.html]
[1800remodel.com/wp-json/oembed/1.0/embedbbf3.json]
[1800remodel.com/wp-json/oembed/1.0/embed48fa]
[1800remodel.com/wp-content/uploads/2015/10/faq_bg.jpg]
[1800remodel.com/wp-content/plugins/js_composer/assets/lib/vc_accordion/vc-accordion.min3c21.js]
[1800remodel.com/wp-content/plugins/js_composer/assets/lib/vc-tta-autoplay/vc-tta-autoplay.min3c21.js]
[1800remodel.com/faq/index.html]
[1800remodel.com/wp-json/wp/v2/pages/1726.json]
[1800remodel.com/contact/feed/index.html]
[1800remodel.com/index41d8.html]
[1800remodel.com/wp-json/oembed/1.0/embed3d62.json]
[1800remodel.com/wp-json/oembed/1.0/embed68fe]
[1800remodel.com/wp-content/uploads/2015/09/contact_bg.jpg]
[1800remodel.com/wp-content/uploads/2015/09/contact.jpg]
[1800remodel.com/contact/index.html]
[1800remodel.com/financing/index.html]
[1800remodel.com/windows/index.html]
[1800remodel.com/wp-content/uploads/2017/10/Service_icon_1.svg]
[1800remodel.com/siding/index.html]
[1800remodel.com/wp-content/uploads/2017/10/Service_icon_2.svg]
[1800remodel.com/wp-json/wp/v2/pages/2808.json]
[1800remodel.com/index73fc.html]
[1800remodel.com/wp-json/oembed/1.0/embed8626.json]
[1800remodel.com/wp-json/oembed/1.0/embedd9a2]
[1800remodel.com/wp-content/uploads/2017/11/roofingdeb4.jpg]
[1800remodel.com/wp-content/uploads/2017/12/Roofing_photo.png]
[1800remodel.com/roofing/index.html]
[1800remodel.com/wp-content/uploads/2017/10/Service_icon_3.svg]
[1800remodel.com/wp-json/wp/v2/pages/2818.json]
[1800remodel.com/index0985.html]
[1800remodel.com/wp-json/oembed/1.0/embeda2f7.json]
[1800remodel.com/wp-json/oembed/1.0/embed967d]
[1800remodel.com/wp-content/uploads/2017/11/cabinet65ad.jpg]
[1800remodel.com/wp-content/uploads/2017/12/CabinetRefacing_photo.png]
[1800remodel.com/cabinet-refacing/index.html]
[1800remodel.com/wp-content/uploads/2017/10/Service_icon_4.svg]
[1800remodel.com/kitchen-bathroom-remodeling/index.html]
[1800remodel.com/wp-content/uploads/2017/10/Service_icon_5.svg]
[1800remodel.com/hvac/index.html]
[1800remodel.com/wp-content/uploads/2017/10/Service_icon_6.svg]
[1800remodel.com/wp-json/wp/v2/pages/2909.json]
[1800remodel.com/index0614.html]
[1800remodel.com/wp-json/oembed/1.0/embed292c.json]
[1800remodel.com/wp-json/oembed/1.0/embedb2d5]
[1800remodel.com/wp-content/uploads/2017/11/flooring5916.jpg]
[1800remodel.com/wp-content/uploads/2017/12/Flooring_photo.png]
[1800remodel.com/flooring/index.html]
[1800remodel.com/wp-content/uploads/2017/10/Service_icon_7.svg]
[1800remodel.com/wp-json/wp/v2/pages/11127.json]
[1800remodel.com/indexba39.html]
[1800remodel.com/wp-json/oembed/1.0/embedbd4c.json]
[1800remodel.com/wp-json/oembed/1.0/embed1568]
[1800remodel.com/wp-content/uploads/2020/09/Depositphotos_65487773_xl-2015.jpg]
[1800remodel.com/wp-content/uploads/2020/09/Depositphotos_85705376_ds-scaled.jpg]
[1800remodel.com/gutters/index.html]
[1800remodel.com/other-projects/index.html]
[1800remodel.com/wp-content/uploads/2017/10/Service_icon_9.svg]
[1800remodel.com/wp-json/wp/v2/posts/66.json]
[1800remodel.com/index4f61.html]
[1800remodel.com/wp-json/oembed/1.0/embeda75e.json]
[1800remodel.com/wp-json/oembed/1.0/embed679b]
[1800remodel.com/wp-content/uploads/2015/03/remodel1-850x500.jpg]
[1800remodel.com/wp-content/uploads/2015/03/remodel1-60x40.jpg]
[1800remodel.com/wp-content/uploads/2014/08/Depositphotos_52760047_original-60x40.jpg]
[1800remodel.com/category/uncategorized/index.html]
[1800remodel.com/category/remodeling/index.html]
[1800remodel.com/wp-content/uploads/2017/01/Depositphotos_8658095_l-2015-60x40.jpg]
[1800remodel.com/1-hack-home-flippers-cabinet-refacing/index.html]
[1800remodel.com/floors-hardwood-floors/index.html]
[1800remodel.com/wp-json/wp/v2/posts/50.json]
[1800remodel.com/windows-storm-windows/index.html]
[1800remodel.com/index6aed.html]
[1800remodel.com/wp-json/oembed/1.0/embedae20.json]
[1800remodel.com/wp-json/oembed/1.0/embed22fb]
[1800remodel.com/wp-content/uploads/2014/08/Depositphotos_52760047_original-850x500.jpg]
[1800remodel.com/kitchens-your-dream-kitchen/index.html]
[1800remodel.com/wp-json/wp/v2/posts/49.json]
[1800remodel.com/index0012.html]
[1800remodel.com/wp-json/oembed/1.0/embed2789.json]
[1800remodel.com/wp-json/oembed/1.0/embedb01e]
[1800remodel.com/wp-content/uploads/2017/01/Depositphotos_8658095_l-2015-850x500.jpg]
[1800remodel.com/additions-surviving-your-room-addition/index.html]
[1800remodel.com/wp-content/uploads/2016/12/blog_bg.jpg]
[1800remodel.com/blog/index.html]
[1800remodel.com/outdoors-light-up-your-deck/index.html]
[1800remodel.com/wp-json/wp/v2/pages/8926.json]
[1800remodel.com/remodeling-on-a-tight-budget/index.html]
[1800remodel.com/index84d5.html]
[1800remodel.com/wp-json/oembed/1.0/embeda295.json]
[1800remodel.com/wp-json/oembed/1.0/embedee70]
[1800remodel.com/do-not-sell]
[1800remodel.com/california-privacy-notice]
[1800remodel.com/privacy-policy/index.html]
[1800remodel.com/do-not-sell/index.html]
[1800remodel.com/wp-json/wp/v2/pages/8933.json]
[1800remodel.com/index9c0b.html]
[1800remodel.com/wp-json/oembed/1.0/embed0f29.json]
[1800remodel.com/wp-json/oembed/1.0/embedbdac]
[1800remodel.com/wp-content/uploads/2020/02/ccpa_chart1-300x160.jpg]
[1800remodel.com/california-privacy-notice/index.html]
[1800remodel.com/wp-json/wp/v2/pages/10608.json]
[1800remodel.com/indexd6f5.html]
[1800remodel.com/wp-json/oembed/1.0/embede499.json]
[1800remodel.com/wp-json/oembed/1.0/embedb7af]
[1800remodel.com/price-match-guarantee/index.html]
[1800remodel.com/wp-json/wp/v2/pages/3098.json]
[1800remodel.com/index0dfe.html]
[1800remodel.com/wp-json/oembed/1.0/embed842f.json]
[1800remodel.com/wp-json/oembed/1.0/embed1eee]
[1800remodel.com/terms-of-service/index.html]
[1800remodel.com/wp-content/plugins/thememove-core/popup/assets/css/magnific-popupa78f.css]
[1800remodel.com/wp-content/plugins/thememove-core/popup/assets/css/animatea78f.css]
[1800remodel.com/wp-content/plugins/thememove-core/popup/assets/css/popupa78f.css]
[1800remodel.com/wp-content/themes/tm-renovation/fonts/Pe-icon-7-strokebb1d.svg]
[1800remodel.com/wp-content/themes/tm-renovation/fonts/renovation8ff2.svg]
[1800remodel.com/wp-content/plugins/essential-grid/public/assets/font/egfontdde9.svg]
[1800remodel.com/wp-content/plugins/revslider/public/assets/fonts/revicons/revicons90c6.svg]
[1800remodel.com/wp-content/themes/tm-renovation/remodel-two/fonts/fontawesome-webfont3e6e.svg]
[1800remodel.com/wp-content/themes/tm-renovation/remodel-two/fonts/glyphicons-halflings-regular.html]
[1800remodel.com/wp-content/themes/tm-renovation/remodel-two/fonts/glyphicons-halflings-regulard41d.html]
[1800remodel.com/wp-content/themes/tm-renovation/remodel-two/fonts/glyphicons-halflings-regular-2.html]
[1800remodel.com/wp-content/themes/tm-renovation/remodel-two/fonts/glyphicons-halflings-regular-3.html]
[1800remodel.com/wp-content/themes/tm-renovation/remodel-two/fonts/glyphicons-halflings-regular-4.html]
[1800remodel.com/wp-content/themes/tm-renovation/remodel-two/fonts/glyphicons-halflings-regular-5.html]
[1800remodel.com/wp-content/themes/tm-renovation/remodel-two/css/images/ui-icons_444444_256x240.html]
[1800remodel.com/wp-content/themes/tm-renovation/remodel-two/css/images/ui-icons_555555_256x240.html]
[1800remodel.com/wp-content/themes/tm-renovation/remodel-two/css/images/ui-icons_ffffff_256x240.html]
[1800remodel.com/wp-content/themes/tm-renovation/remodel-two/css/images/ui-icons_777620_256x240.html]
[1800remodel.com/wp-content/themes/tm-renovation/remodel-two/css/images/ui-icons_cc0000_256x240.html]
[1800remodel.com/wp-content/themes/tm-renovation/remodel-two/css/images/ui-icons_777777_256x240.html]
[1800remodel.com/wp-content/themes/tm-renovation/remodel-two/img/prev.svg]
[1800remodel.com/wp-content/themes/tm-renovation/remodel-two/img/prev_hover.svg]
[1800remodel.com/wp-content/themes/tm-renovation/remodel-two/img/next.svg]
[1800remodel.com/wp-content/themes/tm-renovation/remodel-two/img/next_hover.svg]
[1800remodel.com/wp-content/themes/tm-renovation/remodel-two/img/select-white.svg]
[1800remodel.com/wp-content/themes/tm-renovation/remodel-two/img/Search_icon.svg]
[1800remodel.com/wp-content/themes/tm-renovation/remodel-two/img/Search_icon_hover.svg]
[1800remodel.com/wp-content/themes/tm-renovation/remodel-two/img/reason1.svg]
[1800remodel.com/wp-content/themes/tm-renovation/remodel-two/img/reason2.svg]
[1800remodel.com/wp-content/themes/tm-renovation/remodel-two/img/reason3.svg]
[1800remodel.com/wp-content/themes/tm-renovation/remodel-two/img/prev-white.svg]
[1800remodel.com/wp-content/themes/tm-renovation/remodel-two/img/next-white.svg]
[1800remodel.com/wp-content/themes/tm-renovation/remodel-two/img/select-gray.svg]
[1800remodel.com/wp-content/themes/tm-renovation/images/select-gray.svg]
[1800remodel.com/wp-content/plugins/js_composer/assets/fonts/vc_icons/fonts/VC-Icons8309.svg]
[1800remodel.com/wp-content/plugins/js_composer/assets/fonts/vc_grid/vc_grid_v157a1.svg]
[1800remodel.com/index7bbb.html]
[1800remodel.com/wp-json/oembed/1.0/embedac6b.json]
[1800remodel.com/wp-json/oembed/1.0/embedfed9]
[1800remodel.com/essential_grid/chain/index.html]
[1800remodel.com/indexed0f.html]
[1800remodel.com/wp-json/oembed/1.0/embed6f8b.json]
[1800remodel.com/wp-json/oembed/1.0/embed57c6]
[1800remodel.com/essential_grid/benjamin/index.html]
[1800remodel.com/POST.html]
[1800remodel.com/partners/index.html]
[1800remodel.com/wp-content/themes/tm-renovation/stylea78f.css]
[renovation.thememove.com/data/images/home02_section6_bg.jpg]
[1800remodel.com/wp-content/themes/tm-renovation/css/owl.video.play.193.delayed]
[1800remodel.com/wp-content/themes/tm-renovation/css/maina78f.css]
[1800remodel.com/wp-content/plugins/js_composer/assets/lib/bower/font-awesome/fonts/fontawesome-webfont5b62.eot]
[1800remodel.com/wp-content/plugins/js_composer/assets/lib/bower/font-awesome/fonts/fontawesome-webfontd41d.eot]
[1800remodel.com/wp-content/plugins/js_composer/assets/lib/bower/font-awesome/fonts/fontawesome-webfont5b62.woff2]
[1800remodel.com/wp-content/plugins/js_composer/assets/lib/bower/font-awesome/fonts/fontawesome-webfont5b62.woff]
[1800remodel.com/wp-content/plugins/js_composer/assets/lib/bower/font-awesome/fonts/fontawesome-webfont5b62.ttf]
[1800remodel.com/wp-content/plugins/js_composer/assets/lib/bower/font-awesome/css/font-awesome.min3c21.css]
[1800remodel.com/wp-content/themes/tm-renovation/css/adapta78f.css]
[1800remodel.com/wp-content/themes/tm-renovation/core/kirki/assets/css/kirki-styles.css]
[1800remodel.com/index47fc.html]
[1800remodel.com/indexf05d.html]
[1800remodel.com/index4f3d.html]
[1800remodel.com/wp-content/uploads/2018/04/Icon_4.svg]
[1800remodel.com/wp-content/uploads/2018/04/Icon_5.svg]
[1800remodel.com/wp-content/uploads/2018/04/Icon_6.svg]
[1800remodel.com/wp-content/plugins/js_composer/assets/lib/bower/flexslider/fonts/flexslider-icon.eot]
[1800remodel.com/wp-content/plugins/js_composer/assets/lib/bower/flexslider/fonts/flexslider-icond41d.eot]
[1800remodel.com/wp-content/plugins/js_composer/assets/lib/bower/flexslider/fonts/flexslider-icon.woff]
[1800remodel.com/wp-content/plugins/js_composer/assets/lib/bower/flexslider/fonts/flexslider-icon.ttf]
[1800remodel.com/wp-content/plugins/js_composer/assets/lib/bower/flexslider/flexslider.min3c21.css]
[1800remodel.com/wp-content/plugins/js_composer/assets/lib/prettyphoto/images/prettyPhoto/default/sprite.png]
[1800remodel.com/wp-content/plugins/js_composer/assets/lib/prettyphoto/images/prettyPhoto/default/sprite_x.png]
[1800remodel.com/wp-content/plugins/js_composer/assets/lib/prettyphoto/images/prettyPhoto/default/sprite_y.png]
[1800remodel.com/wp-content/plugins/js_composer/assets/lib/prettyphoto/images/prettyPhoto/default/sprite_next.png]
[1800remodel.com/wp-content/plugins/js_composer/assets/lib/prettyphoto/images/prettyPhoto/default/sprite_prev.png]
[1800remodel.com/wp-content/plugins/js_composer/assets/lib/prettyphoto/images/prettyPhoto/default/default_thumb.png]
[1800remodel.com/wp-content/plugins/js_composer/assets/lib/prettyphoto/images/prettyPhoto/default/loader.gif]
[1800remodel.com/wp-content/plugins/js_composer/assets/lib/prettyphoto/images/prettyPhoto/light_rounded/sprite.png]
[1800remodel.com/wp-content/plugins/js_composer/assets/lib/prettyphoto/images/prettyPhoto/light_rounded/btnNext.png]
[1800remodel.com/wp-content/plugins/js_composer/assets/lib/prettyphoto/images/prettyPhoto/light_rounded/btnPrevious.png]
[1800remodel.com/wp-content/plugins/js_composer/assets/lib/prettyphoto/images/prettyPhoto/light_rounded/loader.gif]
[1800remodel.com/wp-content/plugins/js_composer/assets/lib/prettyphoto/images/prettyPhoto/dark_rounded/sprite.png]
[1800remodel.com/wp-content/plugins/js_composer/assets/lib/prettyphoto/images/prettyPhoto/dark_rounded/contentPattern.png]
[1800remodel.com/wp-content/plugins/js_composer/assets/lib/prettyphoto/images/prettyPhoto/dark_rounded/btnNext.png]
[1800remodel.com/wp-content/plugins/js_composer/assets/lib/prettyphoto/images/prettyPhoto/dark_rounded/btnPrevious.png]
[1800remodel.com/wp-content/plugins/js_composer/assets/lib/prettyphoto/images/prettyPhoto/dark_rounded/loader.gif]
[1800remodel.com/wp-content/plugins/js_composer/assets/lib/prettyphoto/images/prettyPhoto/dark_square/loader.gif]
[1800remodel.com/wp-content/plugins/js_composer/assets/lib/prettyphoto/images/prettyPhoto/dark_square/sprite.png]
[1800remodel.com/wp-content/plugins/js_composer/assets/lib/prettyphoto/images/prettyPhoto/dark_square/btnNext.png]
[1800remodel.com/wp-content/plugins/js_composer/assets/lib/prettyphoto/images/prettyPhoto/dark_square/btnPrevious.png]
[1800remodel.com/wp-content/plugins/js_composer/assets/lib/prettyphoto/images/prettyPhoto/light_square/sprite.png]
[1800remodel.com/wp-content/plugins/js_composer/assets/lib/prettyphoto/images/prettyPhoto/light_square/btnNext.png]
[1800remodel.com/wp-content/plugins/js_composer/assets/lib/prettyphoto/images/prettyPhoto/light_square/btnPrevious.png]
[1800remodel.com/wp-content/plugins/js_composer/assets/lib/prettyphoto/images/prettyPhoto/facebook/sprite.png]
[1800remodel.com/wp-content/plugins/js_composer/assets/lib/prettyphoto/images/prettyPhoto/facebook/contentPatternTop.png]
[1800remodel.com/wp-content/plugins/js_composer/assets/lib/prettyphoto/images/prettyPhoto/facebook/contentPatternLeft.png]
[1800remodel.com/wp-content/plugins/js_composer/assets/lib/prettyphoto/images/prettyPhoto/facebook/contentPatternRight.png]
[1800remodel.com/wp-content/plugins/js_composer/assets/lib/prettyphoto/images/prettyPhoto/facebook/loader.gif]
[1800remodel.com/wp-content/plugins/js_composer/assets/lib/prettyphoto/images/prettyPhoto/facebook/btnNext.png]
[1800remodel.com/wp-content/plugins/js_composer/assets/lib/prettyphoto/images/prettyPhoto/facebook/btnPrevious.png]
[1800remodel.com/wp-content/plugins/js_composer/assets/lib/prettyphoto/images/prettyPhoto/facebook/contentPatternBottom.png]
[1800remodel.com/wp-content/plugins/js_composer/assets/lib/prettyphoto/images/prettyPhoto/facebook/default_thumbnail.gif]
[1800remodel.com/wp-content/plugins/js_composer/assets/lib/prettyphoto/css/prettyPhoto.min3c21.css]
[1800remodel.com/indexe7aa.html]
[1800remodel.com/wp-content/uploads/2018/04/Icon_1.svg]
[1800remodel.com/wp-content/uploads/2018/04/Icon_2.svg]
[1800remodel.com/wp-content/uploads/2018/04/Icon_3.svg]
[1800remodel.com/index05e8.html]
[1800remodel.com/wp-content/plugins/js_composer/assets/css/js_composer_tta.min3c21.css]
[1800remodel.com/index41d8.html]
[1800remodel.com/index73fc.html]
[1800remodel.com/wp-content/uploads/2017/11/Roofing_1.svg]
[1800remodel.com/wp-content/uploads/2017/11/Roofing_2.svg]
[1800remodel.com/wp-content/uploads/2017/11/Roofing_3.svg]
[1800remodel.com/wp-content/uploads/2017/11/Roofing_4.svg]
[1800remodel.com/wp-content/uploads/2017/11/Roofing_5.svg]
[1800remodel.com/wp-content/uploads/2017/11/Roofing_6.svg]
[1800remodel.com/wp-content/uploads/2017/11/Roofing_7.svg]
[1800remodel.com/index0985.html]
[1800remodel.com/wp-content/uploads/2017/11/Cabinet_1.svg]
[1800remodel.com/wp-content/uploads/2017/11/Cabinet_2.svg]
[1800remodel.com/wp-content/uploads/2017/11/Cabinet_3.svg]
[1800remodel.com/wp-content/uploads/2017/11/Cabinet_4.svg]
[1800remodel.com/wp-content/uploads/2017/11/Cabinet_5.svg]
[1800remodel.com/wp-content/uploads/2017/11/Cabinet_6.svg]
[1800remodel.com/index0614.html]
[1800remodel.com/wp-content/uploads/2017/11/Flooring_1.svg]
[1800remodel.com/wp-content/uploads/2017/11/Flooring_2.svg]
[1800remodel.com/wp-content/uploads/2017/11/Flooring_3.svg]
[1800remodel.com/wp-content/uploads/2017/11/Flooring_4.svg]
[1800remodel.com/wp-content/uploads/2017/11/Flooring_5.svg]
[1800remodel.com/indexba39.html]
[1800remodel.com/wp-content/uploads/2017/11/Siding_1.svg]
[1800remodel.com/wp-content/uploads/2017/11/Siding_2.svg]
[1800remodel.com/wp-content/uploads/2017/11/Siding_3.svg]
[1800remodel.com/wp-content/uploads/2017/11/Siding_4.svg]
[1800remodel.com/wp-content/uploads/2017/11/Siding_5.svg]
[1800remodel.com/index4f61.html]
[1800remodel.com/wp-content/themes/tm-renovation/images/Blog_Icon_1.svg]
[1800remodel.com/wp-json/wp/v2/categories/7.json]
[1800remodel.com/category/remodeling/index.html]
[1800remodel.com/category/remodeling/feed/index.html]
[1800remodel.com/wp-json/wp/v2/categories/1.json]
[1800remodel.com/category/uncategorized/index.html]
[1800remodel.com/category/uncategorized/feed/index.html]
[1800remodel.com/wp-json/wp/v2/posts/21.json]
[1800remodel.com/index3965.html]
[1800remodel.com/wp-json/oembed/1.0/embed97c6.json]
[1800remodel.com/wp-json/oembed/1.0/embed0faf]
[1800remodel.com/floors-hardwood-floors/index.html]
[1800remodel.com/wp-json/wp/v2/posts/19.json]
[1800remodel.com/index5831.html]
[1800remodel.com/wp-json/oembed/1.0/embedb745.json]
[1800remodel.com/wp-json/oembed/1.0/embede7e8]
[1800remodel.com/windows-storm-windows/index.html]
[1800remodel.com/index6aed.html]
[1800remodel.com/index0012.html]
[1800remodel.com/wp-content/themes/tm-renovation/images/Blog_Icon_2.svg]
[1800remodel.com/wp-content/themes/tm-renovation/images/Blog_Icon_3.svg]
[1800remodel.com/wp-json/wp/v2/posts/16.json]
[1800remodel.com/index0e62.html]
[1800remodel.com/wp-json/oembed/1.0/embed350c.json]
[1800remodel.com/wp-json/oembed/1.0/embedb1fa]
[1800remodel.com/outdoors-light-up-your-deck/index.html]
[1800remodel.com/wp-json/wp/v2/posts/48.json]
[1800remodel.com/index94b0.html]
[1800remodel.com/wp-json/oembed/1.0/embeda2c3.json]
[1800remodel.com/wp-json/oembed/1.0/embedbc2e]
[1800remodel.com/remodeling-on-a-tight-budget/index.html]
[1800remodel.com/index84d5.html]
[1800remodel.com/do-not-sell/feed/index.html]
[1800remodel.com/wp-json/wp/v2/pages/8944.json]
[1800remodel.com/wp-json/oembed/1.0/embed0979.json]
[1800remodel.com/wp-json/oembed/1.0/embedb23d]
[1800remodel.com/do-not-sell/index.html]
[1800remodel.com/california-privacy-notice.html]
[1800remodel.com/index9c0b.html]
[1800remodel.com/indexd6f5.html]
[1800remodel.com/index0dfe.html]
[1800remodel.com/index7bbb.html]
[1800remodel.com/indexed0f.html]
[1800remodel.com/wp-content/themes/tm-renovation/css/owl.video.play.html]
[1800remodel.com/wp-content/plugins/js_composer/assets/lib/bower/font-awesome/fonts/fontawesome-webfont5b62.svg]
[1800remodel.com/wp-content/plugins/js_composer/assets/lib/bower/flexslider/fonts/flexslider-icon.svg]
[1800remodel.com/index3965.html]
[1800remodel.com/index5831.html]
[1800remodel.com/index0e62.html]
[1800remodel.com/index94b0.html]
[1800remodel.com/index1f42.html]
[1800remodel.com/index1f42.html]
